// Jest Snapshot v1, https://goo.gl/fbAQLP

exports[`hello world configuration! reads a config 1`] = `
Object {
  "databases": Map {},
  "embraceSQLRoot": "/Users/wballard/embrace-sql-core/tests/hello",
}
`;
