// Jest Snapshot v1, https://goo.gl/fbAQLP

exports[`hello world of migrations will migrate 1`] = `
Array [
  Object {
    "string": "hello world",
  },
  Object {
    "string": "laser power",
  },
]
`;
